
> 50_10@1.0.0 test
> jest

FAIL ../Tests/Unit Testing/paymentService.test.js
  Payment Service
    GerarPagamento
      × 1️⃣ Deve calcular a data limite como 5 dias após a criação (18 ms)
    GerarPagamentosMassa
      √ 2️⃣ Deve gerar pagamentos para múltiplos alunos corretamente (5 ms)

  ● Payment Service › GerarPagamento › 1️⃣ Deve calcular a data limite como 5 dias após a criação

    TypeError: listaMarcacoes is not iterable

    [0m [90m 13 |[39m     [36mconst[39m pagamentos [33m=[39m [][33m;[39m
     [90m 14 |[39m
    [31m[1m>[22m[39m[90m 15 |[39m     [36mfor[39m ([36mconst[39m marcacao [36mof[39m listaMarcacoes) {
     [90m    |[39m                            [31m[1m^[22m[39m
     [90m 16 |[39m         [36mconst[39m dataLimite [33m=[39m [36mnew[39m [33mDate[39m()[33m;[39m
     [90m 17 |[39m         dataLimite[33m.[39msetDate(dataLimite[33m.[39mgetDate() [33m+[39m [35m5[39m)[33m;[39m
     [90m 18 |[39m[0m

      at Object.listaMarcacoes (src/services/paymentService.js:15:28)
      at Object.GerarPagamento (../Tests/Unit Testing/paymentService.test.js:16:34)

  console.error
    Error: Erro mock
        at Object.<anonymous> (C:\Users\ricar\Desktop\50+10\50-10\Tests\Unit Testing\bookingController.test.js:35:30)
        at Promise.then.completed (C:\Users\ricar\Desktop\50+10\50-10\backend\node_modules\jest-circus\build\utils.js:298:28)
        at new Promise (<anonymous>)
        at callAsyncCircusFn (C:\Users\ricar\Desktop\50+10\50-10\backend\node_modules\jest-circus\build\utils.js:231:10)
        at _callCircusTest (C:\Users\ricar\Desktop\50+10\50-10\backend\node_modules\jest-circus\build\run.js:316:40)
        at processTicksAndRejections (node:internal/process/task_queues:104:5)
        at _runTest (C:\Users\ricar\Desktop\50+10\50-10\backend\node_modules\jest-circus\build\run.js:252:3)
        at _runTestsForDescribeBlock (C:\Users\ricar\Desktop\50+10\50-10\backend\node_modules\jest-circus\build\run.js:126:9)
        at _runTestsForDescribeBlock (C:\Users\ricar\Desktop\50+10\50-10\backend\node_modules\jest-circus\build\run.js:121:9)
        at _runTestsForDescribeBlock (C:\Users\ricar\Desktop\50+10\50-10\backend\node_modules\jest-circus\build\run.js:121:9)
        at run (C:\Users\ricar\Desktop\50+10\50-10\backend\node_modules\jest-circus\build\run.js:71:3)
        at runAndTransformResultsToJestFormat (C:\Users\ricar\Desktop\50+10\50-10\backend\node_modules\jest-circus\build\legacy-code-todo-rewrite\jestAdapterInit.js:122:21)
        at jestAdapter (C:\Users\ricar\Desktop\50+10\50-10\backend\node_modules\jest-circus\build\legacy-code-todo-rewrite\jestAdapter.js:79:19)
        at runTestInternal (C:\Users\ricar\Desktop\50+10\50-10\backend\node_modules\jest-runner\build\runTest.js:367:16)
        at runTest (C:\Users\ricar\Desktop\50+10\50-10\backend\node_modules\jest-runner\build\runTest.js:444:34)
        at Object.worker (C:\Users\ricar\Desktop\50+10\50-10\backend\node_modules\jest-runner\build\testWorker.js:106:12) {
      statusCode: 400
    }

    [0m [90m  7 |[39m         res[33m.[39mstatus([35m201[39m)[33m.[39mjson(resultado)[33m;[39m
     [90m  8 |[39m     } [36mcatch[39m (erro) {
    [31m[1m>[22m[39m[90m  9 |[39m         console[33m.[39merror(erro)[33m;[39m
     [90m    |[39m                 [31m[1m^[22m[39m
     [90m 10 |[39m         res[33m.[39mstatus(erro[33m.[39mstatusCode [33m||[39m [35m500[39m)[33m.[39mjson({
     [90m 11 |[39m             erro[33m:[39m erro[33m.[39mmessage [33m||[39m [32m'Erro ao processar a marcacao.'[39m
     [90m 12 |[39m         })[33m;[39m[0m

      at Object.error [as criarMarcacao] (src/controllers/bookingController.js:9:17)
      at Object.<anonymous> (../Tests/Unit Testing/bookingController.test.js:39:13)

  console.error
    Error: Não tens permissão
        at Object.<anonymous> (C:\Users\ricar\Desktop\50+10\50-10\Tests\Unit Testing\bookingController.test.js:67:30)
        at Promise.then.completed (C:\Users\ricar\Desktop\50+10\50-10\backend\node_modules\jest-circus\build\utils.js:298:28)
        at new Promise (<anonymous>)
        at callAsyncCircusFn (C:\Users\ricar\Desktop\50+10\50-10\backend\node_modules\jest-circus\build\utils.js:231:10)
        at _callCircusTest (C:\Users\ricar\Desktop\50+10\50-10\backend\node_modules\jest-circus\build\run.js:316:40)
        at processTicksAndRejections (node:internal/process/task_queues:104:5)
        at _runTest (C:\Users\ricar\Desktop\50+10\50-10\backend\node_modules\jest-circus\build\run.js:252:3)
        at _runTestsForDescribeBlock (C:\Users\ricar\Desktop\50+10\50-10\backend\node_modules\jest-circus\build\run.js:126:9)
        at _runTestsForDescribeBlock (C:\Users\ricar\Desktop\50+10\50-10\backend\node_modules\jest-circus\build\run.js:121:9)
        at _runTestsForDescribeBlock (C:\Users\ricar\Desktop\50+10\50-10\backend\node_modules\jest-circus\build\run.js:121:9)
        at run (C:\Users\ricar\Desktop\50+10\50-10\backend\node_modules\jest-circus\build\run.js:71:3)
        at runAndTransformResultsToJestFormat (C:\Users\ricar\Desktop\50+10\50-10\backend\node_modules\jest-circus\build\legacy-code-todo-rewrite\jestAdapterInit.js:122:21)
        at jestAdapter (C:\Users\ricar\Desktop\50+10\50-10\backend\node_modules\jest-circus\build\legacy-code-todo-rewrite\jestAdapter.js:79:19)
        at runTestInternal (C:\Users\ricar\Desktop\50+10\50-10\backend\node_modules\jest-runner\build\runTest.js:367:16)
        at runTest (C:\Users\ricar\Desktop\50+10\50-10\backend\node_modules\jest-runner\build\runTest.js:444:34)
        at Object.worker (C:\Users\ricar\Desktop\50+10\50-10\backend\node_modules\jest-runner\build\testWorker.js:106:12) {
      statusCode: 403
    }

    [0m [90m 37 |[39m         res[33m.[39mstatus([35m200[39m)[33m.[39mjson({ mensagem[33m:[39m [32m'Marcacao cancelada com sucesso.'[39m[33m,[39m marcacao[33m:[39m resultado })[33m;[39m
     [90m 38 |[39m     } [36mcatch[39m (erro) {
    [31m[1m>[22m[39m[90m 39 |[39m         console[33m.[39merror(erro)[33m;[39m
     [90m    |[39m                 [31m[1m^[22m[39m
     [90m 40 |[39m         res[33m.[39mstatus(erro[33m.[39mstatusCode [33m||[39m [35m400[39m)[33m.[39mjson({
     [90m 41 |[39m             erro[33m:[39m erro[33m.[39mmessage [33m||[39m [32m'Erro ao cancelar a marcacao.'[39m
     [90m 42 |[39m         })[33m;[39m[0m

      at Object.error [as cancelarMarcacao] (src/controllers/bookingController.js:39:17)
      at Object.<anonymous> (../Tests/Unit Testing/bookingController.test.js:71:13)

PASS ../Tests/Unit Testing/availabilityService.test.js
  Availability Service
    √ deve rejeitar quando o intervalo a substituir nao e enviado (44 ms)
    √ deve rejeitar disponibilidades com horarios sobrepostos no mesmo dia (5 ms)
    √ deve guardar disponibilidades deduplicadas com sucesso (10 ms)
    √ deve inferir o intervalo a partir das datas recebidas quando replaceRange nao vier (18 ms)
    √ deve permitir substituir apenas datas especificas na importacao (2 ms)
    √ deve aceitar aliases range e entries no payload (1 ms)
    √ deve aceitar start e end dentro de replaceRange (1 ms)

PASS ../Tests/Unit Testing/classService.test.js
  Class Service
    Criar Aula
      √ deve emitir erro 400 quando nao forem enviados todos os dados obrigatorios (40 ms)
      √ deve emitir erro 400 quando houver sobreposicao de horarios no mesmo estudio (2 ms)
      √ deve emitir erro 400 quando o professor nao der o estilo escolhido (2 ms)
      √ deve emitir erro 400 quando o estudio nao suportar o estilo escolhido (1 ms)
      √ deve emitir erro 400 quando o professor nao tiver disponibilidade nesse horario (1 ms)
      √ deve criar a aula com sucesso quando todos os dados estiverem preenchidos e nao houver sobreposicoes (3 ms)
      √ deve falhar a criacao da aula se ocorrer uma quebra inesperada na base de dados (2 ms)
    Criar Aulas Em Lote
      √ deve devolver erro 400 quando nao existirem aulas para criar (2 ms)
      √ deve criar em lote e devolver o resumo com sucesso e falhas (4 ms)

FAIL ../Tests/Unit Testing/bookingController.test.js
  Booking Controller
    criarMarcacao
      √ deve retornar 201 em caso de sucesso (22 ms)
      √ deve retornar erro 400 se faltarem parâmetros (106 ms)
    cancelarMarcacao
      × deve retornar 200 ao cancelar com sucesso (18 ms)
      √ deve retornar erro (ex 403) quando não autorizado (13 ms)

  ● Booking Controller › cancelarMarcacao › deve retornar 200 ao cancelar com sucesso

    expect(jest.fn()).toHaveBeenCalledWith(...expected)

    - Expected
    + Received

      Object {
        "marcacao": Object {
          "sucesso": true,
        },
    -   "mensagem": "Marcação cancelada com sucesso.",
    +   "mensagem": "Marcacao cancelada com sucesso.",
      },

    Number of calls: 1

    [0m [90m 56 |[39m             expect(res[33m.[39mstatus)[33m.[39mtoHaveBeenCalledWith([35m200[39m)[33m;[39m
     [90m 57 |[39m             expect(bookingService[33m.[39mcancelarMarcacao)[33m.[39mtoHaveBeenCalledWith([35m1[39m[33m,[39m [35m2[39m[33m,[39m [32m'Gripe'[39m)[33m;[39m
    [31m[1m>[22m[39m[90m 58 |[39m             expect(res[33m.[39mjson)[33m.[39mtoHaveBeenCalledWith({ 
     [90m    |[39m                              [31m[1m^[22m[39m
     [90m 59 |[39m                 mensagem[33m:[39m [32m'Marcação cancelada com sucesso.'[39m[33m,[39m
     [90m 60 |[39m                 marcacao[33m:[39m { sucesso[33m:[39m [36mtrue[39m }
     [90m 61 |[39m             })[33m;[39m[0m

      at Object.toHaveBeenCalledWith (../Tests/Unit Testing/bookingController.test.js:58:30)

PASS ../Tests/Unit Testing/authMiddleware.test.js
  Auth Middleware - verificarToken
    √ 1️⃣ Deve rejeitar requisição sem header authorization (20 ms)
    √ 2️⃣ Deve rejeitar se authorization não começar com Bearer (1 ms)
    √ 3️⃣ Deve chamar next() e setar req.utilizador se o token for válido (7 ms)
    √ 4️⃣ Deve rejeitar com sessão expirada se o token tiver expirado (4 ms)
    √ 5️⃣ Deve rejeitar token mal-formado (2 ms)

PASS ../Tests/Unit Testing/userService.test.js
  User Service
    criarUtilizador - Validacao de campos obrigatorios
      √ deve rejeitar com 400 quando NomeCompleto esta em falta (17 ms)
      √ deve rejeitar com 400 quando Email esta em falta (2 ms)
      √ deve rejeitar com 400 quando NomeUtilizador esta em falta (1 ms)
      √ deve rejeitar com 400 quando CodigoPostal esta em falta (1 ms)
      √ deve rejeitar com 400 quando Morada esta em falta (2 ms)
      √ deve rejeitar com 400 quando NIF esta em falta
      √ deve rejeitar com 400 quando Permissoes e um valor invalido (6 ms)
      √ deve rejeitar com 400 quando Professor nao tem IBAN (1 ms)
      √ deve rejeitar com 400 quando PalavraPasse esta em falta (1 ms)
    criarUtilizador - Criacao com sucesso
      √ deve criar Professor e chamar o repositorio com password hasheada (2 ms)
      √ deve criar Direcao sem campos extra obrigatorios (1 ms)
      √ deve traduzir erro de username duplicado para uma mensagem legivel (1 ms)
      √ deve traduzir erro de email duplicado para uma mensagem legivel (1 ms)

PASS ../Tests/Unit Testing/authenticationService.test.js
  Authentication Service
    Login
      √ deve emitir erro 400 quando o email ou senha nao sao providenciados (35 ms)
      √ deve emitir erro 401 quando o utilizador nao e encontrado na base de dados (1 ms)
      √ deve emitir erro 401 quando a palavra-passe introduzida esta errada (1 ms)
      √ deve processar o login e devolver um token de 8h quando as credenciais estiverem corretas (4 ms)
      √ deve migrar password antiga em plaintext para hash depois de login valido (2 ms)

PASS ../Tests/Unit Testing/bookingService.test.js
  Booking Service
    Criar Marcacao
      √ deve rejeitar com erro 400 quando o aluno ou a aula nao forem fornecidos (20 ms)
      √ deve rejeitar com erro 404 quando o aluno nao for encontrado (1 ms)
      √ deve rejeitar quando a aula estiver fora da disponibilidade do professor (2 ms)
      √ deve rejeitar com erro 400 quando a aula estiver totalmente lotada (1 ms)
      √ deve criar uma marcacao com sucesso quando os dados forem validos (2 ms)
      √ deve propagar a falha se o registo da transacao falhar na base de dados (3 ms)
    Cancelar Marcacao
      √ deve rejeitar com erro 404 quando a marcacao nao for encontrada (2 ms)
      √ deve aprovar o cancelamento imediatamente quando a antecedencia for igual ou superior a 24 horas (1 ms)
      √ deve classificar o pedido como pendente quando a antecedencia for inferior a 24 horas (1 ms)

PASS ../Tests/Unit Testing/inventoryService.test.js
  Inventory Service
    criarArtigo
      √ 1️⃣ Deve rejeitar com 400 quando Nome está em falta (1 ms)
      √ 2️⃣ Deve rejeitar com 400 quando CustoPorDia está em falta
      √ 3️⃣ Deve criar artigo com sucesso quando os dados são válidos (1 ms)
    editarArtigo
      √ 4️⃣ Deve rejeitar com 400 quando id está em falta (1 ms)
      √ 5️⃣ Deve chamar o repositório com os dados corretos quando id é válido (1 ms)
    removerArtigo
      √ 6️⃣ Deve rejeitar com 400 quando id está em falta
      √ 7️⃣ Deve remover e devolver mensagem de confirmação (1 ms)

PASS ../Tests/Unit Testing/rentalService.test.js
  Rental Service
    Criar Aluguer
      √ deve emitir erro 400 quando a data de entrega é anterior à data de levantamento (10 ms)
      √ deve emitir erro 400 quando a quantidade pretendida excede o inventário bloqueado/disponível
      √ não deve finalizar o aluguer se a transação commit na base de dados explodir (Ex: Prisma Deadlock)
    Avaliar Pedido de Extensão
      √ deve aprovar pedido, registar o ValorAdicional e atualizar a data do aluguer na BD (1 ms)

Test Suites: 2 failed, 8 passed, 10 total
Tests:       2 failed, 63 passed, 65 total
Snapshots:   0 total
Time:        2.098 s
Ran all test suites.
